STAR version=2.7.11b
STAR compilation time,server,dir=2025-04-26T21:36:55+0000 :/opt/conda/conda-bld/star_1745703265435/work/source
##### Command Line:
/home/justo/miniconda3/envs/tp-final-ngs/bin/STAR-avx2 --genomeDir results/mapping/index_STAR --readFilesIn data/reads/batch1_1.fastq,data/reads/batch1_2.fastq --outSAMtype BAM SortedByCoordinate --quantMode GeneCounts --outFileNamePrefix results/mapping/alignments_STAR/batch1/batch1 --runThreadN 4
##### Initial USER parameters from Command Line:
outFileNamePrefix                 results/mapping/alignments_STAR/batch1/batch1
###### All USER parameters from Command Line:
genomeDir                     results/mapping/index_STAR     ~RE-DEFINED
readFilesIn                   data/reads/batch1_1.fastq,data/reads/batch1_2.fastq        ~RE-DEFINED
outSAMtype                    BAM   SortedByCoordinate        ~RE-DEFINED
quantMode                     GeneCounts        ~RE-DEFINED
outFileNamePrefix             results/mapping/alignments_STAR/batch1/batch1     ~RE-DEFINED
runThreadN                    4     ~RE-DEFINED
##### Finished reading parameters from all sources

##### Final user re-defined parameters-----------------:
runThreadN                        4
genomeDir                         results/mapping/index_STAR
readFilesIn                       data/reads/batch1_1.fastq,data/reads/batch1_2.fastq   
outFileNamePrefix                 results/mapping/alignments_STAR/batch1/batch1
outSAMtype                        BAM   SortedByCoordinate   
quantMode                         GeneCounts   

-------------------------------
##### Final effective command line:
/home/justo/miniconda3/envs/tp-final-ngs/bin/STAR-avx2   --runThreadN 4   --genomeDir results/mapping/index_STAR   --readFilesIn data/reads/batch1_1.fastq,data/reads/batch1_2.fastq      --outFileNamePrefix results/mapping/alignments_STAR/batch1/batch1   --outSAMtype BAM   SortedByCoordinate      --quantMode GeneCounts   
----------------------------------------

Number of fastq files for each mate = 2

   Input read files for mate 1 :
-rw-rw-r-- 1 justo justo 9725774 may 13 14:52 data/reads/batch1_1.fastq
-rw-rw-r-- 1 justo justo 9060156 may 13 14:52 data/reads/batch1_2.fastq

   readsCommandsFile:
exec > "results/mapping/alignments_STAR/batch1/batch1_STARtmp/tmp.fifo.read1"
echo FILE 0
cat      "data/reads/batch1_1.fastq"
echo FILE 1
cat      "data/reads/batch1_2.fastq"

ParametersSolo: --soloCellFilterType CellRanger2.2 filtering parameters:  3000 0.99 10
WARNING: --limitBAMsortRAM=0, will use genome size as RAM limit for BAM sorting
Finished loading and checking parameters
Reading genome generation parameters:
### /home/justo/miniconda3/envs/tp-final-ngs/bin/STAR-avx2   --runMode genomeGenerate      --runThreadN 4   --genomeDir results/mapping/index_STAR   --genomeFastaFiles data/reference/sacCer_ChrI.fa      --genomeSAindexNbases 7   --outFileNamePrefix sacCer_chr1   --sjdbGTFfile data/reference/sacCer_genes.gtf   --sjdbOverhang 100
### GstrandBit=32
versionGenome                 2.7.4a     ~RE-DEFINED
genomeType                    Full     ~RE-DEFINED
genomeFastaFiles              data/reference/sacCer_ChrI.fa        ~RE-DEFINED
genomeSAindexNbases           7     ~RE-DEFINED
genomeChrBinNbits             18     ~RE-DEFINED
genomeSAsparseD               1     ~RE-DEFINED
genomeTransformType           None     ~RE-DEFINED
genomeTransformVCF            -     ~RE-DEFINED
sjdbOverhang                  100     ~RE-DEFINED
sjdbFileChrStartEnd           -        ~RE-DEFINED
sjdbGTFfile                   data/reference/sacCer_genes.gtf     ~RE-DEFINED
sjdbGTFchrPrefix              -     ~RE-DEFINED
sjdbGTFfeatureExon            exon     ~RE-DEFINED
sjdbGTFtagExonParentTranscripttranscript_id     ~RE-DEFINED
sjdbGTFtagExonParentGene      gene_id     ~RE-DEFINED
sjdbInsertSave                Basic     ~RE-DEFINED
genomeFileSizes               263149   1907469        ~RE-DEFINED
Genome version is compatible with current STAR
Number of real (reference) chromosomes= 1
1	chrI	230208	0
--sjdbOverhang = 100 taken from the generated genome
Started loading the genome: Fri May 30 19:30:06 2025

Genome: size given as a parameter = 263149
SA: size given as a parameter = 1907469
SAindex: size given as a parameter = 1
Read from SAindex: pGe.gSAindexNbases=7  nSAi=21844
nGenome=263149;  nSAbyte=1907469
GstrandBit=32   SA number of indices=462416
Shared memory is not used for genomes. Allocated a private copy of the genome.
Genome file size: 263149 bytes; state: good=1 eof=0 fail=0 bad=0
Loading Genome ... done! state: good=1 eof=0 fail=0 bad=0; loaded 263149 bytes
SA file size: 1907469 bytes; state: good=1 eof=0 fail=0 bad=0
Loading SA ... done! state: good=1 eof=0 fail=0 bad=0; loaded 1907469 bytes
Loading SAindex ... done: 95643 bytes
Finished loading the genome: Fri May 30 19:30:06 2025

Processing splice junctions database sjdbN=5,   pGe.sjdbOverhang=100 
alignIntronMax=alignMatesGapMax=0, the max intron size will be approximately determined by (2^winBinNbits)*winAnchorDistNbins=589824
Created thread # 1
Starting to map file # 0
mate 1:   data/reads/batch1_1.fastq
Created thread # 2
Created thread # 3
Starting to map file # 1
mate 1:   data/reads/batch1_2.fastq
Thread #1 end of input stream, nextChar=-1
Completed: thread #2
Completed: thread #0
Completed: thread #3
BAM sorting: 88261 mapped reads
BAM sorting bins genomic start loci:
1	0	36188
2	0	46582
3	0	52676
4	0	58220
5	0	61426
6	0	63039
7	0	71750
8	0	71842
9	0	71937
10	0	72053
11	0	72162
12	0	72290
13	0	72387
14	0	72501
15	0	72625
16	0	72785
17	0	72892
18	0	72974
19	0	73063
20	0	73157
21	0	75233
22	0	77276
23	0	78883
24	0	86606
25	0	95253
26	0	100855
27	0	107093
28	0	108436
29	0	114850
30	0	125291
31	0	129647
32	0	131362
33	0	132753
34	0	138236
35	0	139881
36	0	140297
37	0	140782
38	0	142182
39	0	142726
40	0	142889
41	0	143037
42	0	145744
43	0	154114
44	0	156148
45	0	165714
46	0	169466
47	0	170007
48	0	184359
Completed: thread #1
Joined thread # 1
Joined thread # 2
Joined thread # 3
May 30 19:30:07 ..... finished mapping
RAM after mapping:
VmPeak:	  838036 kB; VmSize:	  772500 kB; VmHWM:	  460228 kB; VmRSS:	  440776 kB; 
RAM after freeing genome index memory:
VmPeak:	  838036 kB; VmSize:	  770376 kB; VmHWM:	  460228 kB; VmRSS:	  438656 kB; 
May 30 19:30:07 ..... started sorting BAM
Max memory needed for sorting = 461015
ALL DONE!
