                                 Started job on |	May 30 19:30:11
                             Started mapping on |	May 30 19:30:11
                                    Finished on |	May 30 19:30:14
       Mapping speed, Million of reads per hour |	91.98

                          Number of input reads |	76650
                      Average input read length |	94
                                    UNIQUE READS:
                   Uniquely mapped reads number |	76472
                        Uniquely mapped reads % |	99.77%
                          Average mapped length |	94.51
                       Number of splices: Total |	699
            Number of splices: Annotated (sjdb) |	685
                       Number of splices: GT/AG |	699
                       Number of splices: GC/AG |	0
                       Number of splices: AT/AC |	0
               Number of splices: Non-canonical |	0
                      Mismatch rate per base, % |	0.28%
                         Deletion rate per base |	0.00%
                        Deletion average length |	1.20
                        Insertion rate per base |	0.01%
                       Insertion average length |	1.08
                             MULTI-MAPPING READS:
        Number of reads mapped to multiple loci |	177
             % of reads mapped to multiple loci |	0.23%
        Number of reads mapped to too many loci |	0
             % of reads mapped to too many loci |	0.00%
                                  UNMAPPED READS:
  Number of reads unmapped: too many mismatches |	0
       % of reads unmapped: too many mismatches |	0.00%
            Number of reads unmapped: too short |	0
                 % of reads unmapped: too short |	0.00%
                Number of reads unmapped: other |	1
                     % of reads unmapped: other |	0.00%
                                  CHIMERIC READS:
                       Number of chimeric reads |	0
                            % of chimeric reads |	0.00%
