                                 Started job on |	May 30 19:30:08
                             Started mapping on |	May 30 19:30:08
                                    Finished on |	May 30 19:30:11
       Mapping speed, Million of reads per hour |	112.26

                          Number of input reads |	93550
                      Average input read length |	93
                                    UNIQUE READS:
                   Uniquely mapped reads number |	93394
                        Uniquely mapped reads % |	99.83%
                          Average mapped length |	93.85
                       Number of splices: Total |	1325
            Number of splices: Annotated (sjdb) |	1312
                       Number of splices: GT/AG |	1325
                       Number of splices: GC/AG |	0
                       Number of splices: AT/AC |	0
               Number of splices: Non-canonical |	0
                      Mismatch rate per base, % |	0.17%
                         Deletion rate per base |	0.00%
                        Deletion average length |	1.16
                        Insertion rate per base |	0.00%
                       Insertion average length |	1.07
                             MULTI-MAPPING READS:
        Number of reads mapped to multiple loci |	156
             % of reads mapped to multiple loci |	0.17%
        Number of reads mapped to too many loci |	0
             % of reads mapped to too many loci |	0.00%
                                  UNMAPPED READS:
  Number of reads unmapped: too many mismatches |	0
       % of reads unmapped: too many mismatches |	0.00%
            Number of reads unmapped: too short |	0
                 % of reads unmapped: too short |	0.00%
                Number of reads unmapped: other |	0
                     % of reads unmapped: other |	0.00%
                                  CHIMERIC READS:
                       Number of chimeric reads |	0
                            % of chimeric reads |	0.00%
