                                 Started job on |	May 30 19:30:05
                             Started mapping on |	May 30 19:30:06
                                    Finished on |	May 30 19:30:09
       Mapping speed, Million of reads per hour |	136.48

                          Number of input reads |	113730
                      Average input read length |	95
                                    UNIQUE READS:
                   Uniquely mapped reads number |	113471
                        Uniquely mapped reads % |	99.77%
                          Average mapped length |	95.02
                       Number of splices: Total |	989
            Number of splices: Annotated (sjdb) |	970
                       Number of splices: GT/AG |	989
                       Number of splices: GC/AG |	0
                       Number of splices: AT/AC |	0
               Number of splices: Non-canonical |	0
                      Mismatch rate per base, % |	0.26%
                         Deletion rate per base |	0.00%
                        Deletion average length |	1.18
                        Insertion rate per base |	0.01%
                       Insertion average length |	1.08
                             MULTI-MAPPING READS:
        Number of reads mapped to multiple loci |	256
             % of reads mapped to multiple loci |	0.23%
        Number of reads mapped to too many loci |	1
             % of reads mapped to too many loci |	0.00%
                                  UNMAPPED READS:
  Number of reads unmapped: too many mismatches |	0
       % of reads unmapped: too many mismatches |	0.00%
            Number of reads unmapped: too short |	2
                 % of reads unmapped: too short |	0.00%
                Number of reads unmapped: other |	0
                     % of reads unmapped: other |	0.00%
                                  CHIMERIC READS:
                       Number of chimeric reads |	0
                            % of chimeric reads |	0.00%
